ID          Last_Name                                          First_Name                                         Middle_Name                                        Order_of_Presidency                                Date_of_Birth               Date_of_Death               Town_or_County_of_Birth                            State_of_Birth                                     Home_State                                         Party_Affiliation                                  Date_Took_Office            Date_Left_Office            Assassination_Attempt Assassinated Religious_Affiliation
----------- -------------------------------------------------- -------------------------------------------------- -------------------------------------------------- -------------------------------------------------- --------------------------- --------------------------- -------------------------------------------------- -------------------------------------------------- -------------------------------------------------- -------------------------------------------------- --------------------------- --------------------------- --------------------- ------------ --------------------------------------------------
2           Adams                                              John                                               NULL                                               2                                                  1735-10-30 00:00:00.0000000 1826-07-04 00:00:00.0000000 Quincy                                             Massachusetts                                      Massachusetts                                      Federalist                                         1797-03-04 00:00:00.0000000 1801-03-04 00:00:00.0000000 0                     0            Unitarian
3           Jefferson                                          Thomas                                             NULL                                               3                                                  1743-04-13 00:00:00.0000000 1826-07-04 00:00:00.0000000 Albemarle County                                   Virginia                                           Virginia                                           Democratic-Republican                              1801-03-04 00:00:00.0000000 1809-03-04 00:00:00.0000000 0                     0            NULL
4           Madison                                            James                                              NULL                                               4                                                  1751-03-16 00:00:00.0000000 1836-06-28 00:00:00.0000000 Port Conway                                        Virginia                                           Virginia                                           Democratic-Republican                              1809-03-04 00:00:00.0000000 1817-03-04 00:00:00.0000000 0                     0            Deist/Episcopalian
5           Monroe                                             James                                              NULL                                               5                                                  1758-04-28 00:00:00.0000000 1831-07-04 00:00:00.0000000 Westmoreland County                                Virginia                                           Virginia                                           Democratic-Republican                              1817-03-04 00:00:00.0000000 1825-03-04 00:00:00.0000000 0                     0            Deist/Episcopalian
6           Adams                                              John                                               Quincy                                             6                                                  1767-07-11 00:00:00.0000000 1848-02-23 00:00:00.0000000 Braintree                                          Massachusetts                                      Massachusetts                                      Democratic-Republican/National Republican          1825-03-04 00:00:00.0000000 1829-03-04 00:00:00.0000000 0                     0            Unitarian
7           Jackson                                            Andrew                                             NULL                                               7                                                  1767-03-15 00:00:00.0000000 1845-06-08 00:00:00.0000000 Lancaster County                                   Tennessee                                          Tennessee                                          Democratic                                         1829-03-04 00:00:00.0000000 1837-03-04 00:00:00.0000000 1                     0            Presbyterian
8           Van Buren                                          Martin                                             NULL                                               8                                                  1782-12-05 00:00:00.0000000 1862-07-24 00:00:00.0000000 Kinderhook                                         New York                                           New York                                           Democratic                                         1837-03-04 00:00:00.0000000 1841-03-04 00:00:00.0000000 0                     0            Dutch Reformed
9           Harrison                                           William                                            Henry                                              9                                                  1773-02-09 00:00:00.0000000 1841-04-04 00:00:00.0000000 Charles City County                                Ohio                                               Ohio                                               Whig                                               1841-03-04 00:00:00.0000000 1841-04-04 00:00:00.0000000 0                     0            Episcopalian
10          Tyler                                              John                                               NULL                                               10                                                 1790-03-29 00:00:00.0000000 1862-01-18 00:00:00.0000000 Charles City County                                Virginia                                           Virginia                                           Whig                                               1841-04-04 00:00:00.0000000 1845-03-04 00:00:00.0000000 0                     0            Episcopalian
11          Polk                                               James                                              Knox                                               11                                                 1795-11-02 00:00:00.0000000 1849-06-15 00:00:00.0000000 Mecklenburg County                                 North Carolina                                     Tennessee                                          Democratic                                         1845-03-04 00:00:00.0000000 1849-03-04 00:00:00.0000000 0                     0            Methodist
12          Taylor                                             Zachary                                            NULL                                               12                                                 1784-11-24 00:00:00.0000000 1850-07-09 00:00:00.0000000 Montebello                                         Virginia                                           Louisiana                                          Whig                                               1849-03-04 00:00:00.0000000 1850-07-09 00:00:00.0000000 0                     0            Episcopalian
13          Fillmore                                           Millard                                            NULL                                               13                                                 1800-01-07 00:00:00.0000000 1874-03-08 00:00:00.0000000 Cayuga County                                      New York                                           New York                                           Whig                                               1850-07-09 00:00:00.0000000 1853-03-04 00:00:00.0000000 0                     0            Unitarian
14          Pierce                                             Franklin                                           NULL                                               14                                                 1804-11-03 00:00:00.0000000 1869-10-08 00:00:00.0000000 Hillsboro                                          New Hampshire                                      New Hampshire                                      Democratic                                         1853-03-04 00:00:00.0000000 1857-03-04 00:00:00.0000000 0                     0            NULL
15          Buchanan                                           James                                              NULL                                               15                                                 1791-04-23 00:00:00.0000000 1868-06-01 00:00:00.0000000 Franklin County                                    Pennsylvania                                       Pennsylvania                                       Democratic                                         1857-03-04 00:00:00.0000000 1861-03-04 00:00:00.0000000 0                     0            Presbyterian
16          Lincoln                                            Abraham                                            NULL                                               16                                                 1809-02-12 00:00:00.0000000 1865-04-15 00:00:00.0000000 LaRue County                                       Kentucky                                           Illinois                                           Republican/National Union                          1861-03-04 00:00:00.0000000 1865-04-15 00:00:00.0000000 1                     1            NULL
17          Johnson                                            Andrew                                             NULL                                               17                                                 1808-12-29 00:00:00.0000000 1875-07-31 00:00:00.0000000 Raleigh                                            North Carolina                                     Tennessee                                          Democratic/National Union                          1865-04-15 00:00:00.0000000 1869-03-04 00:00:00.0000000 0                     0            NULL
18          Grant                                              Ulysses                                            S                                                  18                                                 1822-04-27 00:00:00.0000000 1885-07-23 00:00:00.0000000 Point Pleasant                                     Ohio                                               Ohio                                               Republican                                         1869-03-04 00:00:00.0000000 1877-03-04 00:00:00.0000000 0                     0            Presbyterian/Methodist
19          Hayes                                              Rutherford                                         Birchard                                           19                                                 1822-10-04 00:00:00.0000000 1893-01-17 00:00:00.0000000 Fremont                                            Ohio                                               Ohio                                               Republican                                         1877-03-04 00:00:00.0000000 1881-03-04 00:00:00.0000000 0                     0            NULL
20          Garfield                                           James                                              Abram                                              20                                                 1831-11-19 00:00:00.0000000 1881-09-19 00:00:00.0000000 Cuyahoga County                                    Ohio                                               Ohio                                               Republican                                         1881-03-04 00:00:00.0000000 1881-09-19 00:00:00.0000000 1                     1            Disciples of Christ
21          Arthur                                             Chester                                            Alan                                               21                                                 1830-10-05 00:00:00.0000000 1886-11-18 00:00:00.0000000 Fairfield                                          Vermont                                            New York                                           Republican                                         1881-09-19 00:00:00.0000000 1885-03-04 00:00:00.0000000 0                     0            Episcopalian
22          Cleveland                                          Grover                                             NULL                                               22                                                 1837-03-18 00:00:00.0000000 1908-06-24 00:00:00.0000000 Caldwell                                           New Jersey                                         New York                                           Democratic                                         1885-03-04 00:00:00.0000000 1889-03-04 00:00:00.0000000 0                     0            Presbyterian
23          Harrison                                           Benjamin                                           NULL                                               23                                                 1833-08-20 00:00:00.0000000 1901-03-13 00:00:00.0000000 North Bend                                         Ohio                                               Indiana                                            Republican                                         1889-03-04 00:00:00.0000000 1893-03-04 00:00:00.0000000 0                     0            Presbyterian
24          Cleveland                                          Grover                                             NULL                                               24                                                 1837-03-18 00:00:00.0000000 1908-06-24 00:00:00.0000000 Caldwell                                           New Jersey                                         New York                                           Democratic                                         1893-03-04 00:00:00.0000000 1897-03-04 00:00:00.0000000 0                     0            Presbyterian
25          McKinley                                           William                                            NULL                                               25                                                 1843-01-29 00:00:00.0000000 1901-09-14 00:00:00.0000000 Niles                                              Ohio                                               Ohio                                               Republican                                         1897-03-04 00:00:00.0000000 1901-09-14 00:00:00.0000000 1                     1            Methodist
26          Roosevelt                                          Theodore                                           NULL                                               26                                                 1858-10-27 00:00:00.0000000 1919-01-06 00:00:00.0000000 New York                                           New York                                           New York                                           Republican                                         1901-09-14 00:00:00.0000000 1909-03-04 00:00:00.0000000 1                     0            Dutch Reformed
27          Taft                                               William                                            Howard                                             27                                                 1857-09-15 00:00:00.0000000 1930-03-08 00:00:00.0000000 Cincinnati                                         Ohio                                               Ohio                                               Republican                                         1909-03-04 00:00:00.0000000 1913-03-04 00:00:00.0000000 0                     0            Unitarian
28          Wilson                                             Woodrow                                            NULL                                               28                                                 1856-12-28 00:00:00.0000000 1924-02-03 00:00:00.0000000 Staunton                                           Virginia                                           New Jersey                                         Democratic                                         1913-03-04 00:00:00.0000000 1921-03-04 00:00:00.0000000 0                     0            Presbyterian
29          Harding                                            Warren                                             Gamaliel                                           29                                                 1865-11-02 00:00:00.0000000 1923-08-02 00:00:00.0000000 Morrow County                                      Ohio                                               Ohio                                               Republican                                         1921-03-04 00:00:00.0000000 1923-08-02 00:00:00.0000000 0                     0            Baptist
30          Coolidge                                           Calvin                                             NULL                                               30                                                 1872-07-04 00:00:00.0000000 1933-01-05 00:00:00.0000000 Plymouth                                           Vermont                                            Massachusetts                                      Republican                                         1923-08-02 00:00:00.0000000 1929-03-04 00:00:00.0000000 0                     0            Congregationalist
31          Hoover                                             Herbert                                            Clark                                              31                                                 1874-08-10 00:00:00.0000000 1964-10-20 00:00:00.0000000 West Branch                                        Iowa                                               Iowa                                               Republican                                         1929-03-04 00:00:00.0000000 1933-03-04 00:00:00.0000000 0                     0            Quaker
32          Roosevelt                                          Franklin                                           Delano                                             32                                                 1882-01-30 00:00:00.0000000 1945-04-12 00:00:00.0000000 Hyde Park                                          New York                                           New York                                           Democratic                                         1933-03-04 00:00:00.0000000 1945-04-12 00:00:00.0000000 1                     0            Episcopalian
33          Truman                                             Harry                                              S                                                  33                                                 1884-05-08 00:00:00.0000000 1972-12-26 00:00:00.0000000 Barton County                                      Missouri                                           Missouri                                           Democratic                                         1945-04-12 00:00:00.0000000 1953-01-20 00:00:00.0000000 1                     0            Baptist
34          Eisenhower                                         Dwight                                             David                                              34                                                 1890-10-14 00:00:00.0000000 1969-03-28 00:00:00.0000000 Denison                                            Texas                                              Texas                                              Republican                                         1953-01-20 00:00:00.0000000 1961-01-20 00:00:00.0000000 0                     0            Presbyterian
35          Kennedy                                            John                                               Fitzgerald                                         35                                                 1917-05-29 00:00:00.0000000 1963-11-22 00:00:00.0000000 Brookline                                          Massachusetts                                      Massachusetts                                      Democratic                                         1961-01-20 00:00:00.0000000 1963-11-22 00:00:00.0000000 1                     1            Roman Catholic
36          Johnson                                            Lyndon                                             Baines                                             36                                                 1908-08-27 00:00:00.0000000 1973-01-22 00:00:00.0000000 Gillespie County                                   Texas                                              Texas                                              Democratic                                         1963-11-22 00:00:00.0000000 1969-01-20 00:00:00.0000000 0                     0            Disciples of Christ
37          Nixon                                              Richard                                            Milhous                                            37                                                 1913-01-09 00:00:00.0000000 1994-04-22 00:00:00.0000000 Yorba Linda                                        California                                         California                                         Republican                                         1969-01-20 00:00:00.0000000 1974-08-09 00:00:00.0000000 0                     0            Quaker
38          Ford                                               Gerald                                             Rudolph                                            38                                                 1913-07-14 00:00:00.0000000 2006-12-26 00:00:00.0000000 Omaha                                              Nebraska                                           Michigan                                           Republican                                         1974-08-09 00:00:00.0000000 1977-01-20 00:00:00.0000000 1                     0            Episcopalian
39          Carter                                             Jimmy                                              NULL                                               39                                                 1924-10-01 00:00:00.0000000 NULL                        Plains                                             Georgia                                            Georgia                                            Democratic                                         1977-01-20 00:00:00.0000000 1981-01-20 00:00:00.0000000 0                     0            Baptist
40          Reagan                                             Ronald                                             Wilson                                             40                                                 1911-02-06 00:00:00.0000000 2004-06-05 00:00:00.0000000 Tampico                                            Illinois                                           California                                         Republican                                         1981-01-20 00:00:00.0000000 1989-01-20 00:00:00.0000000 1                     0            Presbyterian
41          Bush                                               George                                             Herbert Walker                                     41                                                 1924-06-12 00:00:00.0000000 NULL                        Milton                                             Massachusetts                                      Texas                                              Republican                                         1989-01-20 00:00:00.0000000 1993-01-20 00:00:00.0000000 0                     0            Episcopalian
42          Clinton                                            William                                            Jefferson                                          42                                                 1946-08-19 00:00:00.0000000 NULL                        Hope                                               Arkansas                                           Arkansas                                           Democratic                                         1993-01-20 00:00:00.0000000 2001-01-20 00:00:00.0000000 0                     0            Baptist
43          Bush                                               George                                             Walker                                             43                                                 1946-07-06 00:00:00.0000000 NULL                        New Haven                                          Connecticut                                        Texas                                              Republican                                         2001-01-20 00:00:00.0000000 2009-01-20 00:00:00.0000000 0                     0            Methodist
44          Obama                                              Barack                                             Hussein                                            44                                                 1961-08-04 00:00:00.0000000 NULL                        Honolulu                                           Hawaii                                             Illinois                                           Democratic                                         2009-01-20 00:00:00.0000000 2017-01-20 00:00:00.0000000 NULL                  NULL         Unaffiliated Christian
45          Trump                                              Donald                                             John                                               45                                                 1946-06-14 00:00:00.0000000 NULL                        Queens                                             New York                                           New York                                           Republican                                         2017-01-20 00:00:00.0000000 NULL                        0                     0            Christian

(44 rows affected)


Completion time: 2020-02-23T08:55:09.9768799-06:00
